You don't have FA3, But it's ok!
已处理 1000 行，成功 1000 行，失败 0 行
已处理 2000 行，成功 2000 行，失败 0 行
已处理 3000 行，成功 3000 行，失败 0 行
已处理 4000 行，成功 4000 行，失败 0 行
已处理 5000 行，成功 5000 行，失败 0 行
已处理 6000 行，成功 6000 行，失败 0 行
已处理 7000 行，成功 7000 行，失败 0 行
已处理 8000 行，成功 8000 行，失败 0 行
8464 失败！error=TextEncodeInput must be Union[TextInputSequence, Tuple[InputSequence, InputSequence]], id=8464
已处理 9001 行，成功 9000 行，失败 1 行
已处理 10001 行，成功 10000 行，失败 1 行
已处理 11001 行，成功 11000 行，失败 1 行
已处理 12001 行，成功 12000 行，失败 1 行
已处理 13001 行，成功 13000 行，失败 1 行
已处理 14001 行，成功 14000 行，失败 1 行
已处理 15001 行，成功 15000 行，失败 1 行
已处理 16001 行，成功 16000 行，失败 1 行
已处理 17001 行，成功 17000 行，失败 1 行
已处理 18001 行，成功 18000 行，失败 1 行
已处理 19001 行，成功 19000 行，失败 1 行
已处理 20001 行，成功 20000 行，失败 1 行
已处理 21001 行，成功 21000 行，失败 1 行
已处理 22001 行，成功 22000 行，失败 1 行
已处理 23001 行，成功 23000 行，失败 1 行
已处理 24001 行，成功 24000 行，失败 1 行
已处理 25001 行，成功 25000 行，失败 1 行
已处理 26001 行，成功 26000 行，失败 1 行
已处理 27001 行，成功 27000 行，失败 1 行
已处理 28001 行，成功 28000 行，失败 1 行
已处理 29001 行，成功 29000 行，失败 1 行
已处理 30001 行，成功 30000 行，失败 1 行
已处理 31001 行，成功 31000 行，失败 1 行
已处理 32001 行，成功 32000 行，失败 1 行
已处理 33001 行，成功 33000 行，失败 1 行
已处理 34001 行，成功 34000 行，失败 1 行
已处理 35001 行，成功 35000 行，失败 1 行
已处理 36001 行，成功 36000 行，失败 1 行
已处理 37001 行，成功 37000 行，失败 1 行
已处理 38001 行，成功 38000 行，失败 1 行
已处理 39001 行，成功 39000 行，失败 1 行
已处理 40001 行，成功 40000 行，失败 1 行
已处理 41001 行，成功 41000 行，失败 1 行
已处理 42001 行，成功 42000 行，失败 1 行
已处理 43001 行，成功 43000 行，失败 1 行
已处理 44001 行，成功 44000 行，失败 1 行
已处理 45001 行，成功 45000 行，失败 1 行
已处理 46001 行，成功 46000 行，失败 1 行
已处理 47001 行，成功 47000 行，失败 1 行
已处理 48001 行，成功 48000 行，失败 1 行
已处理 49001 行，成功 49000 行，失败 1 行
已处理 50001 行，成功 50000 行，失败 1 行
已处理 51001 行，成功 51000 行，失败 1 行
已处理 52001 行，成功 52000 行，失败 1 行
已处理 53001 行，成功 53000 行，失败 1 行
已处理 54001 行，成功 54000 行，失败 1 行
已处理 55001 行，成功 55000 行，失败 1 行
已处理 56001 行，成功 56000 行，失败 1 行
已处理 57001 行，成功 57000 行，失败 1 行
已处理 58001 行，成功 58000 行，失败 1 行
已处理 59001 行，成功 59000 行，失败 1 行
已处理 60001 行，成功 60000 行，失败 1 行
已处理 61001 行，成功 61000 行，失败 1 行
已处理 62001 行，成功 62000 行，失败 1 行
已处理 63001 行，成功 63000 行，失败 1 行
已处理 64001 行，成功 64000 行，失败 1 行
已处理 65001 行，成功 65000 行，失败 1 行
已处理 66001 行，成功 66000 行，失败 1 行
已处理 67001 行，成功 67000 行，失败 1 行
已处理 68001 行，成功 68000 行，失败 1 行
已处理 69001 行，成功 69000 行，失败 1 行
已处理 70001 行，成功 70000 行，失败 1 行
已处理 71001 行，成功 71000 行，失败 1 行
已处理 72001 行，成功 72000 行，失败 1 行
已处理 73001 行，成功 73000 行，失败 1 行
已处理 74001 行，成功 74000 行，失败 1 行
已处理 75001 行，成功 75000 行，失败 1 行
已处理 76001 行，成功 76000 行，失败 1 行
已处理 77001 行，成功 77000 行，失败 1 行
已处理 78001 行，成功 78000 行，失败 1 行
已处理 79001 行，成功 79000 行，失败 1 行
已处理 80001 行，成功 80000 行，失败 1 行
已处理 81001 行，成功 81000 行，失败 1 行
已处理 82001 行，成功 82000 行，失败 1 行
已处理 83001 行，成功 83000 行，失败 1 行
已处理 84001 行，成功 84000 行，失败 1 行
已处理 85001 行，成功 85000 行，失败 1 行
已处理 86001 行，成功 86000 行，失败 1 行
已处理 87001 行，成功 87000 行，失败 1 行
已处理 88001 行，成功 88000 行，失败 1 行
已处理 89001 行，成功 89000 行，失败 1 行
已处理 90001 行，成功 90000 行，失败 1 行
已处理 91001 行，成功 91000 行，失败 1 行
已处理 92001 行，成功 92000 行，失败 1 行
已处理 93001 行，成功 93000 行，失败 1 行
已处理 94001 行，成功 94000 行，失败 1 行
已处理 95001 行，成功 95000 行，失败 1 行
已处理 96001 行，成功 96000 行，失败 1 行
已处理 97001 行，成功 97000 行，失败 1 行
已处理 98001 行，成功 98000 行，失败 1 行
已处理 99001 行，成功 99000 行，失败 1 行
已处理 100001 行，成功 100000 行，失败 1 行
已处理 101001 行，成功 101000 行，失败 1 行
已处理 102001 行，成功 102000 行，失败 1 行
已处理 103001 行，成功 103000 行，失败 1 行
已处理 104001 行，成功 104000 行，失败 1 行
已处理 105001 行，成功 105000 行，失败 1 行
已处理 106001 行，成功 106000 行，失败 1 行
已处理 107001 行，成功 107000 行，失败 1 行
已处理 108001 行，成功 108000 行，失败 1 行
已处理 109001 行，成功 109000 行，失败 1 行
已处理 110001 行，成功 110000 行，失败 1 行

处理完成！
总行数: 110403
成功: 110402 行
失败: 1 行
输出文件: /mnt/petrelfs/zengxiangyu/Research_lixinhao/videochat3_data_annotations/llava_video_xtuner_format_20251216_youtube/llava-video_30_60_s_youtube_oe_v0_1_qa_processed_110624_qwen3vl235b_rewrtten_cleaned.jsonl
失败的行号: [8464]
